00:23:51.946 [main] WARN  o.s.w.c.s.AnnotationConfigWebApplicationContext - Exception encountered during context initialization - cancelling refresh attempt: org.springframework.beans.factory.BeanDefinitionStoreException: Failed to parse configuration class [ar.edu.itba.paw.webapp.config.WebConfig]; nested exception is java.io.FileNotFoundException: class path resource [app.properties] cannot be opened because it does not exist
00:23:51.969 [main] ERROR o.s.web.context.ContextLoader - Context initialization failed
org.springframework.beans.factory.BeanDefinitionStoreException: Failed to parse configuration class [ar.edu.itba.paw.webapp.config.WebConfig]; nested exception is java.io.FileNotFoundException: class path resource [app.properties] cannot be opened because it does not exist
	at org.springframework.context.annotation.ConfigurationClassParser.parse(ConfigurationClassParser.java:188) ~[spring-context-5.3.33.jar:5.3.33]
	at org.springframework.context.annotation.ConfigurationClassPostProcessor.processConfigBeanDefinitions(ConfigurationClassPostProcessor.java:331) ~[spring-context-5.3.33.jar:5.3.33]
	at org.springframework.context.annotation.ConfigurationClassPostProcessor.postProcessBeanDefinitionRegistry(ConfigurationClassPostProcessor.java:247) ~[spring-context-5.3.33.jar:5.3.33]
	at org.springframework.context.support.PostProcessorRegistrationDelegate.invokeBeanDefinitionRegistryPostProcessors(PostProcessorRegistrationDelegate.java:311) ~[spring-context-5.3.33.jar:5.3.33]
	at org.springframework.context.support.PostProcessorRegistrationDelegate.invokeBeanFactoryPostProcessors(PostProcessorRegistrationDelegate.java:112) ~[spring-context-5.3.33.jar:5.3.33]
	at org.springframework.context.support.AbstractApplicationContext.invokeBeanFactoryPostProcessors(AbstractApplicationContext.java:756) ~[spring-context-5.3.33.jar:5.3.33]
	at org.springframework.context.support.AbstractApplicationContext.refresh(AbstractApplicationContext.java:573) ~[spring-context-5.3.33.jar:5.3.33]
	at org.springframework.web.context.ContextLoader.configureAndRefreshWebApplicationContext(ContextLoader.java:399) ~[spring-web-5.3.33.jar:5.3.33]
	at org.springframework.web.context.ContextLoader.initWebApplicationContext(ContextLoader.java:278) ~[spring-web-5.3.33.jar:5.3.33]
	at org.springframework.web.context.ContextLoaderListener.contextInitialized(ContextLoaderListener.java:103) ~[spring-web-5.3.33.jar:5.3.33]
	at org.eclipse.jetty.server.handler.ContextHandler.callContextInitialized(ContextHandler.java:1073) ~[na:na]
	at org.eclipse.jetty.servlet.ServletContextHandler.callContextInitialized(ServletContextHandler.java:572) ~[na:na]
	at org.eclipse.jetty.server.handler.ContextHandler.contextInitialized(ContextHandler.java:1002) ~[na:na]
	at org.eclipse.jetty.servlet.ServletHandler.initialize(ServletHandler.java:765) ~[na:na]
	at org.eclipse.jetty.servlet.ServletContextHandler.startContext(ServletContextHandler.java:379) ~[na:na]
	at org.eclipse.jetty.webapp.WebAppContext.startWebapp(WebAppContext.java:1449) ~[na:na]
	at org.eclipse.jetty.maven.plugin.JettyWebAppContext.startWebapp(JettyWebAppContext.java:328) ~[na:na]
	at org.eclipse.jetty.webapp.WebAppContext.startContext(WebAppContext.java:1414) ~[na:na]
	at org.eclipse.jetty.server.handler.ContextHandler.doStart(ContextHandler.java:916) ~[na:na]
	at org.eclipse.jetty.servlet.ServletContextHandler.doStart(ServletContextHandler.java:288) ~[na:na]
	at org.eclipse.jetty.webapp.WebAppContext.doStart(WebAppContext.java:524) ~[na:na]
	at org.eclipse.jetty.maven.plugin.JettyWebAppContext.doStart(JettyWebAppContext.java:397) ~[na:na]
	at org.eclipse.jetty.util.component.AbstractLifeCycle.start(AbstractLifeCycle.java:73) ~[na:na]
	at org.eclipse.jetty.util.component.ContainerLifeCycle.start(ContainerLifeCycle.java:169) ~[na:na]
	at org.eclipse.jetty.util.component.ContainerLifeCycle.doStart(ContainerLifeCycle.java:117) ~[na:na]
	at org.eclipse.jetty.server.handler.AbstractHandler.doStart(AbstractHandler.java:97) ~[na:na]
	at org.eclipse.jetty.util.component.AbstractLifeCycle.start(AbstractLifeCycle.java:73) ~[na:na]
	at org.eclipse.jetty.util.component.ContainerLifeCycle.start(ContainerLifeCycle.java:169) ~[na:na]
	at org.eclipse.jetty.util.component.ContainerLifeCycle.doStart(ContainerLifeCycle.java:117) ~[na:na]
	at org.eclipse.jetty.server.handler.AbstractHandler.doStart(AbstractHandler.java:97) ~[na:na]
	at org.eclipse.jetty.util.component.AbstractLifeCycle.start(AbstractLifeCycle.java:73) ~[na:na]
	at org.eclipse.jetty.util.component.ContainerLifeCycle.start(ContainerLifeCycle.java:169) ~[na:na]
	at org.eclipse.jetty.server.Server.start(Server.java:423) ~[na:na]
	at org.eclipse.jetty.util.component.ContainerLifeCycle.doStart(ContainerLifeCycle.java:110) ~[na:na]
	at org.eclipse.jetty.server.handler.AbstractHandler.doStart(AbstractHandler.java:97) ~[na:na]
	at org.eclipse.jetty.server.Server.doStart(Server.java:387) ~[na:na]
	at org.eclipse.jetty.util.component.AbstractLifeCycle.start(AbstractLifeCycle.java:73) ~[na:na]
	at org.eclipse.jetty.maven.plugin.AbstractJettyMojo.startJetty(AbstractJettyMojo.java:449) ~[na:na]
	at org.eclipse.jetty.maven.plugin.AbstractJettyMojo.execute(AbstractJettyMojo.java:310) ~[na:na]
	at org.eclipse.jetty.maven.plugin.JettyRunMojo.execute(JettyRunMojo.java:150) ~[na:na]
	at org.apache.maven.plugin.DefaultBuildPluginManager.executeMojo(DefaultBuildPluginManager.java:126) ~[na:na]
	at org.apache.maven.lifecycle.internal.MojoExecutor.doExecute2(MojoExecutor.java:328) ~[na:na]
	at org.apache.maven.lifecycle.internal.MojoExecutor.doExecute(MojoExecutor.java:316) ~[na:na]
	at org.apache.maven.lifecycle.internal.MojoExecutor.execute(MojoExecutor.java:212) ~[na:na]
	at org.apache.maven.lifecycle.internal.MojoExecutor.execute(MojoExecutor.java:174) ~[na:na]
	at org.apache.maven.lifecycle.internal.MojoExecutor.access$000(MojoExecutor.java:75) ~[na:na]
	at org.apache.maven.lifecycle.internal.MojoExecutor$1.run(MojoExecutor.java:162) ~[na:na]
	at org.apache.maven.plugin.DefaultMojosExecutionStrategy.execute(DefaultMojosExecutionStrategy.java:39) ~[na:na]
	at org.apache.maven.lifecycle.internal.MojoExecutor.execute(MojoExecutor.java:159) ~[na:na]
	at org.apache.maven.lifecycle.internal.LifecycleModuleBuilder.buildProject(LifecycleModuleBuilder.java:105) ~[na:na]
	at org.apache.maven.lifecycle.internal.LifecycleModuleBuilder.buildProject(LifecycleModuleBuilder.java:73) ~[na:na]
	at org.apache.maven.lifecycle.internal.builder.singlethreaded.SingleThreadedBuilder.build(SingleThreadedBuilder.java:53) ~[na:na]
	at org.apache.maven.lifecycle.internal.LifecycleStarter.execute(LifecycleStarter.java:118) ~[na:na]
	at org.apache.maven.DefaultMaven.doExecute(DefaultMaven.java:261) ~[na:na]
	at org.apache.maven.DefaultMaven.doExecute(DefaultMaven.java:173) ~[na:na]
	at org.apache.maven.DefaultMaven.execute(DefaultMaven.java:101) ~[na:na]
	at org.apache.maven.cli.MavenCli.execute(MavenCli.java:919) ~[na:na]
	at org.apache.maven.cli.MavenCli.doMain(MavenCli.java:285) ~[na:na]
	at org.apache.maven.cli.MavenCli.main(MavenCli.java:207) ~[na:na]
	at java.base/jdk.internal.reflect.DirectMethodHandleAccessor.invoke(DirectMethodHandleAccessor.java:103) ~[na:na]
	at java.base/java.lang.reflect.Method.invoke(Method.java:580) ~[na:na]
	at org.codehaus.plexus.classworlds.launcher.Launcher.launchEnhanced(Launcher.java:255) ~[na:na]
	at org.codehaus.plexus.classworlds.launcher.Launcher.launch(Launcher.java:201) ~[na:na]
	at org.codehaus.plexus.classworlds.launcher.Launcher.mainWithExitCode(Launcher.java:362) ~[na:na]
	at org.codehaus.plexus.classworlds.launcher.Launcher.main(Launcher.java:314) ~[na:na]
Caused by: java.io.FileNotFoundException: class path resource [app.properties] cannot be opened because it does not exist
	at org.springframework.core.io.ClassPathResource.getInputStream(ClassPathResource.java:203) ~[spring-core-5.3.33.jar:5.3.33]
	at org.springframework.core.io.support.EncodedResource.getInputStream(EncodedResource.java:159) ~[spring-core-5.3.33.jar:5.3.33]
	at org.springframework.core.io.support.PropertiesLoaderUtils.fillProperties(PropertiesLoaderUtils.java:110) ~[spring-core-5.3.33.jar:5.3.33]
	at org.springframework.core.io.support.PropertiesLoaderUtils.fillProperties(PropertiesLoaderUtils.java:81) ~[spring-core-5.3.33.jar:5.3.33]
	at org.springframework.core.io.support.PropertiesLoaderUtils.loadProperties(PropertiesLoaderUtils.java:67) ~[spring-core-5.3.33.jar:5.3.33]
	at org.springframework.core.io.support.ResourcePropertySource.<init>(ResourcePropertySource.java:67) ~[spring-core-5.3.33.jar:5.3.33]
	at org.springframework.core.io.support.DefaultPropertySourceFactory.createPropertySource(DefaultPropertySourceFactory.java:37) ~[spring-core-5.3.33.jar:5.3.33]
	at org.springframework.context.annotation.ConfigurationClassParser.processPropertySource(ConfigurationClassParser.java:465) ~[spring-context-5.3.33.jar:5.3.33]
	at org.springframework.context.annotation.ConfigurationClassParser.doProcessConfigurationClass(ConfigurationClassParser.java:279) ~[spring-context-5.3.33.jar:5.3.33]
	at org.springframework.context.annotation.ConfigurationClassParser.processConfigurationClass(ConfigurationClassParser.java:249) ~[spring-context-5.3.33.jar:5.3.33]
	at org.springframework.context.annotation.ConfigurationClassParser.parse(ConfigurationClassParser.java:206) ~[spring-context-5.3.33.jar:5.3.33]
	at org.springframework.context.annotation.ConfigurationClassParser.parse(ConfigurationClassParser.java:174) ~[spring-context-5.3.33.jar:5.3.33]
	... 64 common frames omitted
00:24:30.114 [main] WARN  o.s.w.c.s.AnnotationConfigWebApplicationContext - Exception encountered during context initialization - cancelling refresh attempt: org.springframework.beans.factory.BeanDefinitionStoreException: Failed to parse configuration class [ar.edu.itba.paw.webapp.config.WebConfig]; nested exception is java.io.FileNotFoundException: class path resource [app.properties] cannot be opened because it does not exist
00:24:30.155 [main] ERROR o.s.web.context.ContextLoader - Context initialization failed
org.springframework.beans.factory.BeanDefinitionStoreException: Failed to parse configuration class [ar.edu.itba.paw.webapp.config.WebConfig]; nested exception is java.io.FileNotFoundException: class path resource [app.properties] cannot be opened because it does not exist
	at org.springframework.context.annotation.ConfigurationClassParser.parse(ConfigurationClassParser.java:188) ~[spring-context-5.3.33.jar:5.3.33]
	at org.springframework.context.annotation.ConfigurationClassPostProcessor.processConfigBeanDefinitions(ConfigurationClassPostProcessor.java:331) ~[spring-context-5.3.33.jar:5.3.33]
	at org.springframework.context.annotation.ConfigurationClassPostProcessor.postProcessBeanDefinitionRegistry(ConfigurationClassPostProcessor.java:247) ~[spring-context-5.3.33.jar:5.3.33]
	at org.springframework.context.support.PostProcessorRegistrationDelegate.invokeBeanDefinitionRegistryPostProcessors(PostProcessorRegistrationDelegate.java:311) ~[spring-context-5.3.33.jar:5.3.33]
	at org.springframework.context.support.PostProcessorRegistrationDelegate.invokeBeanFactoryPostProcessors(PostProcessorRegistrationDelegate.java:112) ~[spring-context-5.3.33.jar:5.3.33]
	at org.springframework.context.support.AbstractApplicationContext.invokeBeanFactoryPostProcessors(AbstractApplicationContext.java:756) ~[spring-context-5.3.33.jar:5.3.33]
	at org.springframework.context.support.AbstractApplicationContext.refresh(AbstractApplicationContext.java:573) ~[spring-context-5.3.33.jar:5.3.33]
	at org.springframework.web.context.ContextLoader.configureAndRefreshWebApplicationContext(ContextLoader.java:399) ~[spring-web-5.3.33.jar:5.3.33]
	at org.springframework.web.context.ContextLoader.initWebApplicationContext(ContextLoader.java:278) ~[spring-web-5.3.33.jar:5.3.33]
	at org.springframework.web.context.ContextLoaderListener.contextInitialized(ContextLoaderListener.java:103) ~[spring-web-5.3.33.jar:5.3.33]
	at org.eclipse.jetty.server.handler.ContextHandler.callContextInitialized(ContextHandler.java:1073) ~[na:na]
	at org.eclipse.jetty.servlet.ServletContextHandler.callContextInitialized(ServletContextHandler.java:572) ~[na:na]
	at org.eclipse.jetty.server.handler.ContextHandler.contextInitialized(ContextHandler.java:1002) ~[na:na]
	at org.eclipse.jetty.servlet.ServletHandler.initialize(ServletHandler.java:765) ~[na:na]
	at org.eclipse.jetty.servlet.ServletContextHandler.startContext(ServletContextHandler.java:379) ~[na:na]
	at org.eclipse.jetty.webapp.WebAppContext.startWebapp(WebAppContext.java:1449) ~[na:na]
	at org.eclipse.jetty.maven.plugin.JettyWebAppContext.startWebapp(JettyWebAppContext.java:328) ~[na:na]
	at org.eclipse.jetty.webapp.WebAppContext.startContext(WebAppContext.java:1414) ~[na:na]
	at org.eclipse.jetty.server.handler.ContextHandler.doStart(ContextHandler.java:916) ~[na:na]
	at org.eclipse.jetty.servlet.ServletContextHandler.doStart(ServletContextHandler.java:288) ~[na:na]
	at org.eclipse.jetty.webapp.WebAppContext.doStart(WebAppContext.java:524) ~[na:na]
	at org.eclipse.jetty.maven.plugin.JettyWebAppContext.doStart(JettyWebAppContext.java:397) ~[na:na]
	at org.eclipse.jetty.util.component.AbstractLifeCycle.start(AbstractLifeCycle.java:73) ~[na:na]
	at org.eclipse.jetty.util.component.ContainerLifeCycle.start(ContainerLifeCycle.java:169) ~[na:na]
	at org.eclipse.jetty.util.component.ContainerLifeCycle.doStart(ContainerLifeCycle.java:117) ~[na:na]
	at org.eclipse.jetty.server.handler.AbstractHandler.doStart(AbstractHandler.java:97) ~[na:na]
	at org.eclipse.jetty.util.component.AbstractLifeCycle.start(AbstractLifeCycle.java:73) ~[na:na]
	at org.eclipse.jetty.util.component.ContainerLifeCycle.start(ContainerLifeCycle.java:169) ~[na:na]
	at org.eclipse.jetty.util.component.ContainerLifeCycle.doStart(ContainerLifeCycle.java:117) ~[na:na]
	at org.eclipse.jetty.server.handler.AbstractHandler.doStart(AbstractHandler.java:97) ~[na:na]
	at org.eclipse.jetty.util.component.AbstractLifeCycle.start(AbstractLifeCycle.java:73) ~[na:na]
	at org.eclipse.jetty.util.component.ContainerLifeCycle.start(ContainerLifeCycle.java:169) ~[na:na]
	at org.eclipse.jetty.server.Server.start(Server.java:423) ~[na:na]
	at org.eclipse.jetty.util.component.ContainerLifeCycle.doStart(ContainerLifeCycle.java:110) ~[na:na]
	at org.eclipse.jetty.server.handler.AbstractHandler.doStart(AbstractHandler.java:97) ~[na:na]
	at org.eclipse.jetty.server.Server.doStart(Server.java:387) ~[na:na]
	at org.eclipse.jetty.util.component.AbstractLifeCycle.start(AbstractLifeCycle.java:73) ~[na:na]
	at org.eclipse.jetty.maven.plugin.AbstractJettyMojo.startJetty(AbstractJettyMojo.java:449) ~[na:na]
	at org.eclipse.jetty.maven.plugin.AbstractJettyMojo.execute(AbstractJettyMojo.java:310) ~[na:na]
	at org.eclipse.jetty.maven.plugin.JettyRunMojo.execute(JettyRunMojo.java:150) ~[na:na]
	at org.apache.maven.plugin.DefaultBuildPluginManager.executeMojo(DefaultBuildPluginManager.java:126) ~[na:na]
	at org.apache.maven.lifecycle.internal.MojoExecutor.doExecute2(MojoExecutor.java:328) ~[na:na]
	at org.apache.maven.lifecycle.internal.MojoExecutor.doExecute(MojoExecutor.java:316) ~[na:na]
	at org.apache.maven.lifecycle.internal.MojoExecutor.execute(MojoExecutor.java:212) ~[na:na]
	at org.apache.maven.lifecycle.internal.MojoExecutor.execute(MojoExecutor.java:174) ~[na:na]
	at org.apache.maven.lifecycle.internal.MojoExecutor.access$000(MojoExecutor.java:75) ~[na:na]
	at org.apache.maven.lifecycle.internal.MojoExecutor$1.run(MojoExecutor.java:162) ~[na:na]
	at org.apache.maven.plugin.DefaultMojosExecutionStrategy.execute(DefaultMojosExecutionStrategy.java:39) ~[na:na]
	at org.apache.maven.lifecycle.internal.MojoExecutor.execute(MojoExecutor.java:159) ~[na:na]
	at org.apache.maven.lifecycle.internal.LifecycleModuleBuilder.buildProject(LifecycleModuleBuilder.java:105) ~[na:na]
	at org.apache.maven.lifecycle.internal.LifecycleModuleBuilder.buildProject(LifecycleModuleBuilder.java:73) ~[na:na]
	at org.apache.maven.lifecycle.internal.builder.singlethreaded.SingleThreadedBuilder.build(SingleThreadedBuilder.java:53) ~[na:na]
	at org.apache.maven.lifecycle.internal.LifecycleStarter.execute(LifecycleStarter.java:118) ~[na:na]
	at org.apache.maven.DefaultMaven.doExecute(DefaultMaven.java:261) ~[na:na]
	at org.apache.maven.DefaultMaven.doExecute(DefaultMaven.java:173) ~[na:na]
	at org.apache.maven.DefaultMaven.execute(DefaultMaven.java:101) ~[na:na]
	at org.apache.maven.cli.MavenCli.execute(MavenCli.java:919) ~[na:na]
	at org.apache.maven.cli.MavenCli.doMain(MavenCli.java:285) ~[na:na]
	at org.apache.maven.cli.MavenCli.main(MavenCli.java:207) ~[na:na]
	at java.base/jdk.internal.reflect.DirectMethodHandleAccessor.invoke(DirectMethodHandleAccessor.java:103) ~[na:na]
	at java.base/java.lang.reflect.Method.invoke(Method.java:580) ~[na:na]
	at org.codehaus.plexus.classworlds.launcher.Launcher.launchEnhanced(Launcher.java:255) ~[na:na]
	at org.codehaus.plexus.classworlds.launcher.Launcher.launch(Launcher.java:201) ~[na:na]
	at org.codehaus.plexus.classworlds.launcher.Launcher.mainWithExitCode(Launcher.java:362) ~[na:na]
	at org.codehaus.plexus.classworlds.launcher.Launcher.main(Launcher.java:314) ~[na:na]
Caused by: java.io.FileNotFoundException: class path resource [app.properties] cannot be opened because it does not exist
	at org.springframework.core.io.ClassPathResource.getInputStream(ClassPathResource.java:203) ~[spring-core-5.3.33.jar:5.3.33]
	at org.springframework.core.io.support.EncodedResource.getInputStream(EncodedResource.java:159) ~[spring-core-5.3.33.jar:5.3.33]
	at org.springframework.core.io.support.PropertiesLoaderUtils.fillProperties(PropertiesLoaderUtils.java:110) ~[spring-core-5.3.33.jar:5.3.33]
	at org.springframework.core.io.support.PropertiesLoaderUtils.fillProperties(PropertiesLoaderUtils.java:81) ~[spring-core-5.3.33.jar:5.3.33]
	at org.springframework.core.io.support.PropertiesLoaderUtils.loadProperties(PropertiesLoaderUtils.java:67) ~[spring-core-5.3.33.jar:5.3.33]
	at org.springframework.core.io.support.ResourcePropertySource.<init>(ResourcePropertySource.java:67) ~[spring-core-5.3.33.jar:5.3.33]
	at org.springframework.core.io.support.DefaultPropertySourceFactory.createPropertySource(DefaultPropertySourceFactory.java:37) ~[spring-core-5.3.33.jar:5.3.33]
	at org.springframework.context.annotation.ConfigurationClassParser.processPropertySource(ConfigurationClassParser.java:465) ~[spring-context-5.3.33.jar:5.3.33]
	at org.springframework.context.annotation.ConfigurationClassParser.doProcessConfigurationClass(ConfigurationClassParser.java:279) ~[spring-context-5.3.33.jar:5.3.33]
	at org.springframework.context.annotation.ConfigurationClassParser.processConfigurationClass(ConfigurationClassParser.java:249) ~[spring-context-5.3.33.jar:5.3.33]
	at org.springframework.context.annotation.ConfigurationClassParser.parse(ConfigurationClassParser.java:206) ~[spring-context-5.3.33.jar:5.3.33]
	at org.springframework.context.annotation.ConfigurationClassParser.parse(ConfigurationClassParser.java:174) ~[spring-context-5.3.33.jar:5.3.33]
	... 64 common frames omitted
